Traceback (most recent call last):
  File "/home/runner/work/stormandmeofficial/stormandmeofficial/automation/printify/jesus_coffee_rollout.py", line 107, in request
    with urllib.request.urlopen(req, timeout=90) as response:
         ^^^^^^^^^^^^^^^^^^^^^^^^^^^^^^^^^^^^^^^
  File "/opt/hostedtoolcache/Python/3.12.14/x64/lib/python3.12/urllib/request.py", line 215, in urlopen
    return opener.open(url, data, timeout)
           ^^^^^^^^^^^^^^^^^^^^^^^^^^^^^^^
  File "/opt/hostedtoolcache/Python/3.12.14/x64/lib/python3.12/urllib/request.py", line 521, in open
    response = meth(req, response)
               ^^^^^^^^^^^^^^^^^^^
  File "/opt/hostedtoolcache/Python/3.12.14/x64/lib/python3.12/urllib/request.py", line 630, in http_response
    response = self.parent.error(
               ^^^^^^^^^^^^^^^^^^
  File "/opt/hostedtoolcache/Python/3.12.14/x64/lib/python3.12/urllib/request.py", line 559, in error
    return self._call_chain(*args)
           ^^^^^^^^^^^^^^^^^^^^^^^
  File "/opt/hostedtoolcache/Python/3.12.14/x64/lib/python3.12/urllib/request.py", line 492, in _call_chain
    result = func(*args)
             ^^^^^^^^^^^
  File "/opt/hostedtoolcache/Python/3.12.14/x64/lib/python3.12/urllib/request.py", line 639, in http_error_default
    raise HTTPError(req.full_url, code, msg, hdrs, fp)
urllib.error.HTTPError: HTTP Error 400: Bad Request

The above exception was the direct cause of the following exception:

Traceback (most recent call last):
  File "/home/runner/work/stormandmeofficial/stormandmeofficial/automation/printify/repair_jesus_coffee_logo_placement.py", line 282, in <module>
    main()
  File "/home/runner/work/stormandmeofficial/stormandmeofficial/automation/printify/repair_jesus_coffee_logo_placement.py", line 224, in main
    jcr.request(
  File "/home/runner/work/stormandmeofficial/stormandmeofficial/automation/printify/jesus_coffee_rollout.py", line 114, in request
    raise RuntimeError(f"Printify API {exc.code} on {path}: {detail[:1200]}") from exc
RuntimeError: Printify API 400 on /shops/28312107/products/6a88ab9048b9c45ed50c422e.json: {"status":"error","code":8150,"message":"Validation failed.","errors":{"reason":"print_areas.0.placeholders.2.images: The print_areas.0.placeholders.2.images field is required. | print_areas.0.placeholders.3.images: The print_areas.0.placeholders.3.images field is required. | print_areas.0.placeholders.4.images: The print_areas.0.placeholders.4.images field is required. | print_areas.0.placeholders.5.images: The print_areas.0.placeholders.5.images field is required. | print_areas.1.placeholders.2.images: The print_areas.1.placeholders.2.images field is required. | print_areas.1.placeholders.3.images: The print_areas.1.placeholders.3.images field is required. | print_areas.1.placeholders.4.images: The print_areas.1.placeholders.4.images field is required. | print_areas.1.placeholders.5.images: The print_areas.1.placeholders.5.images field is required. | print_areas.2.placeholders.2.images: The print_areas.2.placeholders.2.images field is required. | print_areas.2.placeholders.3.images: The print_areas.2.placeholders.3.images field is required. | print_areas.2.placeholders.4.images: The print_areas.2.placeholders.4.images field is required. | print_areas.2.placeholders.5.images: The 
